
> apprutinas@1.0.0 build
> next build

   Ôû▓ Next.js 14.0.4
   - Environments: .env.local

   Creating an optimized production build ...
 Ô£ô Compiled successfully
   Linting and checking validity of types ...
node.exe : Failed to compile.
En línea: 1 Carácter: 1
+ & "C:\Program Files\nodejs/node.exe" "C:\Program Files\nodejs/node_mo ...
+ ~~~~~~~~~~~~~~~~~~~~~~~~~~~~~~~~~~~~~~~~~~~~~~~~~~~~~~~~~~~~~~~~~~~~~
    + CategoryInfo          : NotSpecified: (Failed to compile.:String) [], Re 
   moteException
    + FullyQualifiedErrorId : NativeCommandError
 

./app/mi-perfil/page.tsx:41:25
Type error: Property 'name' does not exist on type 'never'.

[0m [90m 39 |[39m     setUser(currentUser)[33m;[39m[0m
[0m [90m 40 |[39m     setFormData({[0m
[0m[31m[1m>[22m[39m[90m 41 |[39m       name[33m:[39m 
currentUser[33m.[39mname[33m,[39m[0m
[0m [90m    |[39m                         [31m[1m^[22m[39m[0m
[0m [90m 42 |[39m       age[33m:[39m 
currentUser[33m.[39mage[33m?[39m[33m.[39mtoString() [33m||[39m 
[32m''[39m[33m,[39m[0m
[0m [90m 43 |[39m       goal[33m:[39m currentUser[33m.[39mgoal 
[33m||[39m [32m''[39m[33m,[39m[0m
[0m [90m 44 |[39m       level[33m:[39m currentUser[33m.[39mlevel 
[33m||[39m [32m''[39m[33m,[39m[0m
